../Core/Src/main.c:119:5:main	32	static
../Core/Src/main.c:268:6:SystemClock_Config	88	static
../Core/Src/main.c:315:13:MX_TIM3_Init	64	static
../Core/Src/main.c:386:13:MX_TIM4_Init	64	static
../Core/Src/main.c:512:13:MX_GPIO_Init	48	static
../Core/Src/main.c:552:6:servo_Init	8	static
../Core/Src/main.c:590:6:mathmatics	144	static
../Core/Src/main.c:689:6:move_direction	64	static
../Core/Src/main.c:920:6:MX_GPIO_LED_ON	16	static
../Core/Src/main.c:924:6:MX_GPIO_LED_OFF	16	static
../Core/Src/main.c:931:6:esp_event	120	static
../Core/Src/main.c:1160:6:Error_Handler	4	static,ignoring_inline_asm
